15:03:40 **** Build of configuration Debug for project follower_robot ****
make -j8 all 
arm-none-eabi-gcc "../Core/Src/main.c" -mcpu=cortex-m4 -std=gnu11 -g3 -DDEBUG -DUSE_HAL_DRIVER -DSTM32F411xE -c -I../Core/Inc -I../Drivers/STM32F4xx_HAL_Driver/Inc -I../Drivers/STM32F4xx_HAL_Driver/Inc/Legacy -I../Drivers/CMSIS/Device/ST/STM32F4xx/Include -I../Drivers/CMSIS/Include -O0 -ffunction-sections -fdata-sections -Wall -fstack-usage -fcyclomatic-complexity -MMD -MP -MF"Core/Src/main.d" -MT"Core/Src/main.o" --specs=nano.specs -mfpu=fpv4-sp-d16 -mfloat-abi=hard -mthumb -o "Core/Src/main.o"
arm-none-eabi-gcc -o "follower_robot.elf" @"objects.list"   -mcpu=cortex-m4 -T"G:\stm32cubeide\fileSave_cubeIDE\final_capstone_project\follower_robot\follower_robot\STM32F411VETX_FLASH.ld" --specs=nosys.specs -Wl,-Map="follower_robot.map" -Wl,--gc-sections -static --specs=nano.specs -mfpu=fpv4-sp-d16 -mfloat-abi=hard -mthumb -u _printf_float -u _scanf_float -Wl,--start-group -lc -lm -Wl,--end-group
Finished building target: follower_robot.elf
 
arm-none-eabi-size  follower_robot.elf 
arm-none-eabi-objdump -h -S follower_robot.elf  > "follower_robot.list"
arm-none-eabi-objcopy  -O ihex follower_robot.elf  "follower_robot.hex"
   text	   data	    bss	    dec	    hex	filename
  52400	    476	   2828	  55704	   d998	follower_robot.elf
Finished building: default.size.stdout
 
Finished building: follower_robot.hex
 
Finished building: follower_robot.list
 
15:03:46 **** Incremental Build of configuration Debug for project follower_robot ****
make -j8 all 
arm-none-eabi-size  follower_robot.elf 
   text	   data	    bss	    dec	    hex	filename
  52400	    476	   2828	  55704	   d998	follower_robot.elf
Finished building: default.size.stdout
 
15:53:33 **** Incremental Build of configuration Debug for project follower_robot ****
make -j8 all 
arm-none-eabi-gcc "../Core/Src/main.c" -mcpu=cortex-m4 -std=gnu11 -g3 -DDEBUG -DUSE_HAL_DRIVER -DSTM32F411xE -c -I../Core/Inc -I../Drivers/STM32F4xx_HAL_Driver/Inc -I../Drivers/STM32F4xx_HAL_Driver/Inc/Legacy -I../Drivers/CMSIS/Device/ST/STM32F4xx/Include -I../Drivers/CMSIS/Include -O0 -ffunction-sections -fdata-sections -Wall -fstack-usage -fcyclomatic-complexity -MMD -MP -MF"Core/Src/main.d" -MT"Core/Src/main.o" --specs=nano.specs -mfpu=fpv4-sp-d16 -mfloat-abi=hard -mthumb -o "Core/Src/main.o"
arm-none-eabi-gcc -o "follower_robot.elf" @"objects.list"   -mcpu=cortex-m4 -T"G:\stm32cubeide\fileSave_cubeIDE\final_capstone_project\follower_robot\follower_robot\STM32F411VETX_FLASH.ld" --specs=nosys.specs -Wl,-Map="follower_robot.map" -Wl,--gc-sections -static --specs=nano.specs -mfpu=fpv4-sp-d16 -mfloat-abi=hard -mthumb -u _printf_float -u _scanf_float -Wl,--start-group -lc -lm -Wl,--end-group
Finished building target: follower_robot.elf
 
arm-none-eabi-size  follower_robot.elf 
arm-none-eabi-objdump -h -S follower_robot.elf  > "follower_robot.list"
arm-none-eabi-objcopy  -O ihex follower_robot.elf  "follower_robot.hex"
   text	   data	    bss	    dec	    hex	filename
  52400	    476	   2876	  55752	   d9c8	follower_robot.elf
Finished building: default.size.stdout
 
Finished building: follower_robot.hex
 
Finished building: follower_robot.list
 
19:57:27 **** Incremental Build of configuration Debug for project follower_robot ****
make -j8 all 
arm-none-eabi-gcc "../Core/Src/Robot_odom.c" -mcpu=cortex-m4 -std=gnu11 -g3 -DDEBUG -DUSE_HAL_DRIVER -DSTM32F411xE -c -I../Core/Inc -I../Drivers/STM32F4xx_HAL_Driver/Inc -I../Drivers/STM32F4xx_HAL_Driver/Inc/Legacy -I../Drivers/CMSIS/Device/ST/STM32F4xx/Include -I../Drivers/CMSIS/Include -O0 -ffunction-sections -fdata-sections -Wall -fstack-usage -fcyclomatic-complexity -MMD -MP -MF"Core/Src/Robot_odom.d" -MT"Core/Src/Robot_odom.o" --specs=nano.specs -mfpu=fpv4-sp-d16 -mfloat-abi=hard -mthumb -o "Core/Src/Robot_odom.o"
../Core/Src/Robot_odom.c: In function 'init_Robot':
../Core/Src/Robot_odom.c:28:5: warning: implicit declaration of function 'strcpy' [-Wimplicit-function-declaration]
   28 |     strcpy(robot->cmd,"STP");
      |     ^~~~~~
../Core/Src/Robot_odom.c:8:1: note: include '<string.h>' or provide a declaration of 'strcpy'
    7 | #include "Robot_odom.h"
  +++ |+#include <string.h>
    8 | 
../Core/Src/Robot_odom.c:28:5: warning: incompatible implicit declaration of built-in function 'strcpy' [-Wbuiltin-declaration-mismatch]
   28 |     strcpy(robot->cmd,"STP");
      |     ^~~~~~
../Core/Src/Robot_odom.c:28:5: note: include '<string.h>' or provide a declaration of 'strcpy'
arm-none-eabi-gcc -o "follower_robot.elf" @"objects.list"   -mcpu=cortex-m4 -T"G:\stm32cubeide\fileSave_cubeIDE\final_capstone_project\follower_robot\follower_robot\STM32F411VETX_FLASH.ld" --specs=nosys.specs -Wl,-Map="follower_robot.map" -Wl,--gc-sections -static --specs=nano.specs -mfpu=fpv4-sp-d16 -mfloat-abi=hard -mthumb -u _printf_float -u _scanf_float -Wl,--start-group -lc -lm -Wl,--end-group
Finished building target: follower_robot.elf
 
arm-none-eabi-size  follower_robot.elf 
arm-none-eabi-objdump -h -S follower_robot.elf  > "follower_robot.list"
arm-none-eabi-objcopy  -O ihex follower_robot.elf  "follower_robot.hex"
   text	   data	    bss	    dec	    hex	filename
  52400	    476	   2876	  55752	   d9c8	follower_robot.elf
Finished building: default.size.stdout
 
Finished building: follower_robot.hex
 
Finished building: follower_robot.list
 
20:09:52 **** Incremental Build of configuration Debug for project follower_robot ****
make -j8 all 
arm-none-eabi-size  follower_robot.elf 
   text	   data	    bss	    dec	    hex	filename
  52400	    476	   2876	  55752	   d9c8	follower_robot.elf
Finished building: default.size.stdout
 
20:10:25 **** Incremental Build of configuration Debug for project follower_robot ****
make -j8 all 
arm-none-eabi-size  follower_robot.elf 
   text	   data	    bss	    dec	    hex	filename
  52400	    476	   2876	  55752	   d9c8	follower_robot.elf
Finished building: default.size.stdout
 
