../Core/Src/main.c:101:6:HAL_UART_RxCpltCallback	16	static
../Core/Src/main.c:117:6:HAL_TIM_PeriodElapsedCallback	56	static
../Core/Src/main.c:192:5:main	8	static
../Core/Src/main.c:379:6:SystemClock_Config	88	static
../Core/Src/main.c:421:13:MX_TIM1_Init	96	static
../Core/Src/main.c:508:13:MX_TIM2_Init	56	static
../Core/Src/main.c:557:13:MX_TIM3_Init	32	static
../Core/Src/main.c:602:13:MX_TIM5_Init	56	static
../Core/Src/main.c:651:13:MX_USART2_UART_Init	8	static
../Core/Src/main.c:682:13:MX_DMA_Init	16	static
../Core/Src/main.c:700:13:MX_GPIO_Init	40	static
../Core/Src/main.c:733:6:Error_Handler	4	static,ignoring_inline_asm
